
> puebleando@0.1.0 build
> next build

Γû▓ Next.js 16.1.6 (Turbopack)
- Environments: .env.local

  Creating an optimized production build ...
Γ£ô Compiled successfully in 5.6s
  Running TypeScript ...
npm : Failed to compile.
At line:1 char:1
+ npm run build > build_output.txt 2>&1
+ ~~~~~~~~~~~~~~~~~~~~~~~~~~~~~~~~~~~~~
    + CategoryInfo          : NotSpecified: (Failed  
   to compile.:String) [], RemoteException
    + FullyQualifiedErrorId : NativeCommandError
 

./app/contribuir/evento/ContribuirEventoClient.tsx:69
:20
Type error: Cannot find name 'useAuth'.

[0m [90m 67 |[39m
 [90m 68 |[39m [36mexport[39m [36mdefault[39m 
[36mfunction[39m 
[33mContribuirEventoClient[39m({ places[33m,[39m 
events }[33m:[39m [33mProps[39m) {
[31m[1m>[22m[39m[90m 69 |[39m   
[36mconst[39m { user } [33m=[39m 
useAuth()[33m;[39m
 [90m    |[39m                    
[31m[1m^[22m[39m
 [90m 70 |[39m   [36mconst[39m router 
[33m=[39m useRouter()[33m;[39m
 [90m 71 |[39m
 [90m 72 |[39m   [90m// Etapas del flujo: 1 = 
Mapa, 2 = Formulario[39m[0m
Next.js build worker exited with code: 1 and signal: 
null
